** Drc report for /home/jmux/Github/spotify-iot-led-driver/iot_leddriver_hw/iot_led_strip_pcb.kicad_pcb **
** Created on 2023-11-29 10:35:54 **

** Found 8 DRC violations **
[text_height]: Text height out of range (board setup constraints silk text height min height 0.7000 mm; actual 0.6000 mm)
    Rule: board setup constraints silk text height; Severity: warning
    @(119.1500 mm, 112.5000 mm): Reference 'JP2'
[silk_edge_clearance]: Silkscreen clipped by board edge
    Rule: board setup constraints silk; Severity: warning
    @(160.0000 mm, 75.0000 mm): Line on Edge.Cuts
    @(160.0100 mm, 90.4000 mm): Line on F.Silkscreen
[silk_edge_clearance]: Silkscreen clipped by board edge
    Rule: board setup constraints silk; Severity: warning
    @(160.0000 mm, 75.0000 mm): Line on Edge.Cuts
    @(160.0100 mm, 90.4000 mm): Line on F.Silkscreen
[silk_edge_clearance]: Silkscreen clipped by board edge
    Rule: board setup constraints silk; Severity: warning
    @(160.0000 mm, 75.0000 mm): Line on Edge.Cuts
    @(160.0100 mm, 108.4000 mm): Line on F.Silkscreen
[hole_clearance]: Hole clearance violation (board minimum hole clearance 0.2540 mm; actual 0.1749 mm)
    Local override; Severity: error
    @(116.5301 mm, 104.3501 mm): NPTH pad of J3
    @(117.6500 mm, 104.0501 mm): Pad A1B12 [Earth] of J3 on F.Cu
[hole_clearance]: Hole clearance violation (board minimum hole clearance 0.2540 mm; actual 0.2134 mm)
    Local override; Severity: error
    @(116.5301 mm, 104.3501 mm): NPTH pad of J3
    @(117.6500 mm, 104.8499 mm): Pad A4B9 [+5V] of J3 on F.Cu
[hole_clearance]: Hole clearance violation (board minimum hole clearance 0.2540 mm; actual 0.1750 mm)
    Local override; Severity: error
    @(116.5301 mm, 110.1400 mm): NPTH pad of J3
    @(117.6500 mm, 110.4499 mm): Pad B1A12 [Earth] of J3 on F.Cu
[hole_clearance]: Hole clearance violation (board minimum hole clearance 0.2540 mm; actual 0.2098 mm)
    Local override; Severity: error
    @(116.5301 mm, 110.1400 mm): NPTH pad of J3
    @(117.6500 mm, 109.6500 mm): Pad B4A9 [+5V] of J3 on F.Cu

** Found 0 unconnected pads **

** Found 1 Footprint errors **
[extra_footprint]: Extra footprint
    Local override; Severity: warning
    @(123.7000 mm, 115.9000 mm): Footprint REF**

** End of Report **
